[     126ms] [INFO] %cDownload the React DevTools for a better development experience: https://react.dev/link/react-devtools font-weight:bold @ http://localhost:3100/_next/static/chunks/node_modules_next_dist_1ybzpk2._.js:2477
[     164ms] [LOG] [HMR] connected @ http://localhost:3100/_next/static/chunks/node_modules_next_dist_1ybzpk2._.js:2477
[     700ms] [WARNING] THREE.Clock: This module has been deprecated. Please use THREE.Timer instead. @ http://localhost:3100/_next/static/chunks/node_modules_next_dist_1ybzpk2._.js:2477
[   17182ms] [ERROR] WebSocket connection to 'ws://localhost:3100/_next/webpack-hmr?id=hcUOu1Xdf-Yn0pBx5EG36' failed: Error in connection establishment: net::ERR_CONNECTION_REFUSED @ http://localhost:3100/_next/static/chunks/node_modules_next_dist_client_0r5nbpw._.js:13422
[   18184ms] [ERROR] WebSocket connection to 'ws://localhost:3100/_next/webpack-hmr?id=hcUOu1Xdf-Yn0pBx5EG36' failed: Error in connection establishment: net::ERR_CONNECTION_REFUSED @ http://localhost:3100/_next/static/chunks/node_modules_next_dist_client_0r5nbpw._.js:13422
[   19187ms] [ERROR] WebSocket connection to 'ws://localhost:3100/_next/webpack-hmr?id=hcUOu1Xdf-Yn0pBx5EG36' failed: Error in connection establishment: net::ERR_CONNECTION_REFUSED @ http://localhost:3100/_next/static/chunks/node_modules_next_dist_client_0r5nbpw._.js:13422
[   20189ms] [ERROR] WebSocket connection to 'ws://localhost:3100/_next/webpack-hmr?id=hcUOu1Xdf-Yn0pBx5EG36' failed: Error in connection establishment: net::ERR_CONNECTION_REFUSED @ http://localhost:3100/_next/static/chunks/node_modules_next_dist_client_0r5nbpw._.js:13422
[   21191ms] [ERROR] WebSocket connection to 'ws://localhost:3100/_next/webpack-hmr?id=hcUOu1Xdf-Yn0pBx5EG36' failed: Error in connection establishment: net::ERR_CONNECTION_REFUSED @ http://localhost:3100/_next/static/chunks/node_modules_next_dist_client_0r5nbpw._.js:13422
[   26194ms] [ERROR] WebSocket connection to 'ws://localhost:3100/_next/webpack-hmr?id=hcUOu1Xdf-Yn0pBx5EG36' failed: Error in connection establishment: net::ERR_CONNECTION_REFUSED @ http://localhost:3100/_next/static/chunks/node_modules_next_dist_client_0r5nbpw._.js:13422
[   31196ms] [ERROR] WebSocket connection to 'ws://localhost:3100/_next/webpack-hmr?id=hcUOu1Xdf-Yn0pBx5EG36' failed: Error in connection establishment: net::ERR_CONNECTION_REFUSED @ http://localhost:3100/_next/static/chunks/node_modules_next_dist_client_0r5nbpw._.js:13422
[   36199ms] [ERROR] WebSocket connection to 'ws://localhost:3100/_next/webpack-hmr?id=hcUOu1Xdf-Yn0pBx5EG36' failed: Error in connection establishment: net::ERR_CONNECTION_REFUSED @ http://localhost:3100/_next/static/chunks/node_modules_next_dist_client_0r5nbpw._.js:13422
[   41204ms] [ERROR] WebSocket connection to 'ws://localhost:3100/_next/webpack-hmr?id=hcUOu1Xdf-Yn0pBx5EG36' failed: Error in connection establishment: net::ERR_CONNECTION_REFUSED @ http://localhost:3100/_next/static/chunks/node_modules_next_dist_client_0r5nbpw._.js:13422
[   46208ms] [ERROR] WebSocket connection to 'ws://localhost:3100/_next/webpack-hmr?id=hcUOu1Xdf-Yn0pBx5EG36' failed: Error in connection establishment: net::ERR_CONNECTION_REFUSED @ http://localhost:3100/_next/static/chunks/node_modules_next_dist_client_0r5nbpw._.js:13422
[   51216ms] [ERROR] WebSocket connection to 'ws://localhost:3100/_next/webpack-hmr?id=hcUOu1Xdf-Yn0pBx5EG36' failed: Error in connection establishment: net::ERR_CONNECTION_REFUSED @ http://localhost:3100/_next/static/chunks/node_modules_next_dist_client_0r5nbpw._.js:13422
[   56222ms] [LOG] [HMR] connected @ http://localhost:3100/_next/static/chunks/node_modules_next_dist_1ybzpk2._.js:2477
[   56311ms] [INFO] %cDownload the React DevTools for a better development experience: https://react.dev/link/react-devtools font-weight:bold @ http://localhost:3100/_next/static/chunks/node_modules_next_dist_1ybzpk2._.js:2477
[   56326ms] [LOG] [HMR] connected @ http://localhost:3100/_next/static/chunks/node_modules_next_dist_1ybzpk2._.js:2477
[   56431ms] [WARNING] THREE.Clock: This module has been deprecated. Please use THREE.Timer instead. @ http://localhost:3100/_next/static/chunks/node_modules_next_dist_1ybzpk2._.js:2477
[  111432ms] [ERROR] WebSocket connection to 'ws://localhost:3100/_next/webpack-hmr?id=IGJrOOJNisk_eyLGv5fSo' failed: Error in connection establishment: net::ERR_CONNECTION_REFUSED @ http://localhost:3100/_next/static/chunks/node_modules_next_dist_client_0r5nbpw._.js:13422
[  112434ms] [ERROR] WebSocket connection to 'ws://localhost:3100/_next/webpack-hmr?id=IGJrOOJNisk_eyLGv5fSo' failed: Error in connection establishment: net::ERR_CONNECTION_REFUSED @ http://localhost:3100/_next/static/chunks/node_modules_next_dist_client_0r5nbpw._.js:13422
[  113436ms] [ERROR] WebSocket connection to 'ws://localhost:3100/_next/webpack-hmr?id=IGJrOOJNisk_eyLGv5fSo' failed: Error in connection establishment: net::ERR_CONNECTION_REFUSED @ http://localhost:3100/_next/static/chunks/node_modules_next_dist_client_0r5nbpw._.js:13422
[  114438ms] [ERROR] WebSocket connection to 'ws://localhost:3100/_next/webpack-hmr?id=IGJrOOJNisk_eyLGv5fSo' failed: Error in connection establishment: net::ERR_CONNECTION_REFUSED @ http://localhost:3100/_next/static/chunks/node_modules_next_dist_client_0r5nbpw._.js:13422
[  115440ms] [ERROR] WebSocket connection to 'ws://localhost:3100/_next/webpack-hmr?id=IGJrOOJNisk_eyLGv5fSo' failed: Error in connection establishment: net::ERR_CONNECTION_REFUSED @ http://localhost:3100/_next/static/chunks/node_modules_next_dist_client_0r5nbpw._.js:13422
[  120444ms] [ERROR] WebSocket connection to 'ws://localhost:3100/_next/webpack-hmr?id=IGJrOOJNisk_eyLGv5fSo' failed: Error in connection establishment: net::ERR_CONNECTION_REFUSED @ http://localhost:3100/_next/static/chunks/node_modules_next_dist_client_0r5nbpw._.js:13422
[  125449ms] [ERROR] WebSocket connection to 'ws://localhost:3100/_next/webpack-hmr?id=IGJrOOJNisk_eyLGv5fSo' failed: Error in connection establishment: net::ERR_CONNECTION_REFUSED @ http://localhost:3100/_next/static/chunks/node_modules_next_dist_client_0r5nbpw._.js:13422
[  130453ms] [ERROR] WebSocket connection to 'ws://localhost:3100/_next/webpack-hmr?id=IGJrOOJNisk_eyLGv5fSo' failed: Error in connection establishment: net::ERR_CONNECTION_REFUSED @ http://localhost:3100/_next/static/chunks/node_modules_next_dist_client_0r5nbpw._.js:13422
[  135458ms] [ERROR] WebSocket connection to 'ws://localhost:3100/_next/webpack-hmr?id=IGJrOOJNisk_eyLGv5fSo' failed: Error in connection establishment: net::ERR_CONNECTION_REFUSED @ http://localhost:3100/_next/static/chunks/node_modules_next_dist_client_0r5nbpw._.js:13422
[  140464ms] [ERROR] WebSocket connection to 'ws://localhost:3100/_next/webpack-hmr?id=IGJrOOJNisk_eyLGv5fSo' failed: Error in connection establishment: net::ERR_CONNECTION_REFUSED @ http://localhost:3100/_next/static/chunks/node_modules_next_dist_client_0r5nbpw._.js:13422
[  145469ms] [ERROR] WebSocket connection to 'ws://localhost:3100/_next/webpack-hmr?id=IGJrOOJNisk_eyLGv5fSo' failed: Error in connection establishment: net::ERR_CONNECTION_REFUSED @ http://localhost:3100/_next/static/chunks/node_modules_next_dist_client_0r5nbpw._.js:13422
[  150476ms] [ERROR] WebSocket connection to 'ws://localhost:3100/_next/webpack-hmr?id=IGJrOOJNisk_eyLGv5fSo' failed: Error in connection establishment: net::ERR_CONNECTION_REFUSED @ http://localhost:3100/_next/static/chunks/node_modules_next_dist_client_0r5nbpw._.js:13422
[  156832ms] [INFO] %cDownload the React DevTools for a better development experience: https://react.dev/link/react-devtools font-weight:bold @ http://localhost:3100/_next/static/chunks/node_modules_next_dist_1ybzpk2._.js:2477
[  156869ms] [LOG] [HMR] connected @ http://localhost:3100/_next/static/chunks/node_modules_next_dist_1ybzpk2._.js:2477
[  156979ms] [LOG] [Fast Refresh] rebuilding @ http://localhost:3100/_next/static/chunks/node_modules_next_dist_1ybzpk2._.js:2477
[  156983ms] [WARNING] THREE.Clock: This module has been deprecated. Please use THREE.Timer instead. @ http://localhost:3100/_next/static/chunks/node_modules_next_dist_1ybzpk2._.js:2477
[  157007ms] [ERROR] WebSocket is already in CLOSING or CLOSED state. @ http://localhost:3100/_next/static/chunks/node_modules_next_dist_1ybzpk2._.js:2836
[  157315ms] [ERROR] Failed to load resource: net::ERR_CONNECTION_REFUSED @ http://localhost:3100/__nextjs_font/geist-latin.woff2:0
[  157918ms] [ERROR] WebSocket connection to 'ws://localhost:3100/_next/webpack-hmr?id=OldUdPBb_lHkbswvInkBx' failed: Error in connection establishment: net::ERR_CONNECTION_REFUSED @ http://localhost:3100/_next/static/chunks/node_modules_next_dist_client_0r5nbpw._.js:13422
[  158920ms] [ERROR] WebSocket connection to 'ws://localhost:3100/_next/webpack-hmr?id=OldUdPBb_lHkbswvInkBx' failed: Error in connection establishment: net::ERR_CONNECTION_REFUSED @ http://localhost:3100/_next/static/chunks/node_modules_next_dist_client_0r5nbpw._.js:13422
[  159923ms] [ERROR] WebSocket connection to 'ws://localhost:3100/_next/webpack-hmr?id=OldUdPBb_lHkbswvInkBx' failed: Error in connection establishment: net::ERR_CONNECTION_REFUSED @ http://localhost:3100/_next/static/chunks/node_modules_next_dist_client_0r5nbpw._.js:13422
[  160925ms] [ERROR] WebSocket connection to 'ws://localhost:3100/_next/webpack-hmr?id=OldUdPBb_lHkbswvInkBx' failed: Error in connection establishment: net::ERR_CONNECTION_REFUSED @ http://localhost:3100/_next/static/chunks/node_modules_next_dist_client_0r5nbpw._.js:13422
[  161927ms] [ERROR] WebSocket connection to 'ws://localhost:3100/_next/webpack-hmr?id=OldUdPBb_lHkbswvInkBx' failed: Error in connection establishment: net::ERR_CONNECTION_REFUSED @ http://localhost:3100/_next/static/chunks/node_modules_next_dist_client_0r5nbpw._.js:13422
[  166929ms] [ERROR] WebSocket connection to 'ws://localhost:3100/_next/webpack-hmr?id=OldUdPBb_lHkbswvInkBx' failed: Error in connection establishment: net::ERR_CONNECTION_REFUSED @ http://localhost:3100/_next/static/chunks/node_modules_next_dist_client_0r5nbpw._.js:13422
[  171933ms] [ERROR] WebSocket connection to 'ws://localhost:3100/_next/webpack-hmr?id=OldUdPBb_lHkbswvInkBx' failed: Error in connection establishment: net::ERR_CONNECTION_REFUSED @ http://localhost:3100/_next/static/chunks/node_modules_next_dist_client_0r5nbpw._.js:13422
[  176937ms] [ERROR] WebSocket connection to 'ws://localhost:3100/_next/webpack-hmr?id=OldUdPBb_lHkbswvInkBx' failed: Error in connection establishment: net::ERR_CONNECTION_REFUSED @ http://localhost:3100/_next/static/chunks/node_modules_next_dist_client_0r5nbpw._.js:13422
[  181941ms] [ERROR] WebSocket connection to 'ws://localhost:3100/_next/webpack-hmr?id=OldUdPBb_lHkbswvInkBx' failed: Error in connection establishment: net::ERR_CONNECTION_REFUSED @ http://localhost:3100/_next/static/chunks/node_modules_next_dist_client_0r5nbpw._.js:13422
[  186947ms] [ERROR] WebSocket connection to 'ws://localhost:3100/_next/webpack-hmr?id=OldUdPBb_lHkbswvInkBx' failed: Error in connection establishment: net::ERR_CONNECTION_REFUSED @ http://localhost:3100/_next/static/chunks/node_modules_next_dist_client_0r5nbpw._.js:13422
[  191954ms] [ERROR] WebSocket connection to 'ws://localhost:3100/_next/webpack-hmr?id=OldUdPBb_lHkbswvInkBx' failed: Error in connection establishment: net::ERR_CONNECTION_REFUSED @ http://localhost:3100/_next/static/chunks/node_modules_next_dist_client_0r5nbpw._.js:13422
[  196960ms] [ERROR] WebSocket connection to 'ws://localhost:3100/_next/webpack-hmr?id=OldUdPBb_lHkbswvInkBx' failed: Error in connection establishment: net::ERR_CONNECTION_REFUSED @ http://localhost:3100/_next/static/chunks/node_modules_next_dist_client_0r5nbpw._.js:13422
